// Jest Snapshot v1, https://goo.gl/fbAQLP

exports[`Storyshots Containers Sample Widget 1`] = `
<div>
  <h1>
    Hello 
    Visitor
  </h1>
</div>
`;

exports[`Storyshots Views Sample Widget 1`] = `
<div>
  <h1>
    Hello 
    Visitor
  </h1>
</div>
`;
